../Core/Src/ssd1306.c:10:6:ssd1306_Reset	4	static
../Core/Src/ssd1306.c:15:6:ssd1306_WriteCommand	32	static
../Core/Src/ssd1306.c:24:6:ssd1306_WriteData	32	static
../Core/Src/ssd1306.c:74:17:ssd1306_FillBuffer	24	static
../Core/Src/ssd1306.c:84:6:ssd1306_Init	8	static
../Core/Src/ssd1306.c:186:6:ssd1306_Fill	16	static
../Core/Src/ssd1306.c:191:6:ssd1306_UpdateScreen	16	static
../Core/Src/ssd1306.c:212:6:ssd1306_DrawPixel	16	static
../Core/Src/ssd1306.c:232:6:ssd1306_WriteChar	48	static
../Core/Src/ssd1306.c:269:6:ssd1306_WriteString	32	static
../Core/Src/ssd1306.c:283:6:ssd1306_SetCursor	16	static
../Core/Src/ssd1306.c:289:6:ssd1306_Line	48	static
../Core/Src/ssd1306.c:316:6:ssd1306_Polyline	40	static
../Core/Src/ssd1306.c:330:14:ssd1306_DegToRad	16	static
../Core/Src/ssd1306.c:335:17:ssd1306_NormalizeTo0_360	24	static
../Core/Src/ssd1306.c:351:6:ssd1306_DrawArc	64	static
../Core/Src/ssd1306.c:391:6:ssd1306_DrawArcWithRadiusLine	72	static
../Core/Src/ssd1306.c:434:6:ssd1306_DrawCircle	40	static
../Core/Src/ssd1306.c:469:6:ssd1306_FillCircle	48	static
../Core/Src/ssd1306.c:505:6:ssd1306_DrawRectangle	32	static
../Core/Src/ssd1306.c:515:6:ssd1306_FillRectangle	32	static
../Core/Src/ssd1306.c:529:17:ssd1306_InvertRectangle	32	static
../Core/Src/ssd1306.c:560:6:ssd1306_DrawBitmap	24	static
../Core/Src/ssd1306.c:584:6:ssd1306_SetContrast	24	static
../Core/Src/ssd1306.c:590:6:ssd1306_SetDisplayOn	24	static
../Core/Src/ssd1306.c:602:9:ssd1306_GetDisplayOn	4	static
